// Jest Snapshot v1, https://goo.gl/fbAQLP

exports[`Pruebas con Gif Item Debe mostrar <GifItem /> correctamente 1`] = `
<div
  className="card animate__animated animate__bounceIn"
>
  <img
    alt="Titulo"
    src="https://localhost/algo.jpg"
  />
  <p>
    Titulo
  </p>
</div>
`;
